#
# There is insufficient memory for the Java Runtime Environment to continue.
# Native memory allocation (mmap) failed to map 266338304 bytes for G1 virtual space
# Possible reasons:
#   The system is out of physical RAM or swap space
#   The process is running with CompressedOops enabled, and the Java Heap may be blocking the growth of the native heap
# Possible solutions:
#   Reduce memory load on the system
#   Increase physical memory or swap space
#   Check if swap backing store is full
#   Decrease Java heap size (-Xmx/-Xms)
#   Decrease number of Java threads
#   Decrease Java thread stack sizes (-Xss)
#   Set larger code cache with -XX:ReservedCodeCacheSize=
#   JVM is running with Zero Based Compressed Oops mode in which the Java heap is
#     placed in the first 32GB address space. The Java Heap base address is the
#     maximum limit for the native heap growth. Please use -XX:HeapBaseMinAddress
#     to set the Java Heap base and to place the Java Heap above 32GB virtual address.
# This output file may be truncated or incomplete.
#
#  Out of Memory Error (os_windows.cpp:3548), pid=24456, tid=22352
#
# JRE version:  (17.0.12+8) (build )
# Java VM: Java HotSpot(TM) 64-Bit Server VM (17.0.12+8-LTS-286, mixed mode, sharing, tiered, compressed oops, compressed class ptrs, g1 gc, windows-amd64)
# No core dump will be written. Minidumps are not enabled by default on client versions of Windows
#

---------------  S U M M A R Y ------------

Command Line: org.jetbrains.kotlin.cli.jvm.K2JVMCompiler @C:\Users\gusta\AndroidStudioProjects\ColorSpaces\app\build\20250206_6969400932209569481.compiler.options

Host: Intel(R) Core(TM) i7-9750H CPU @ 2.60GHz, 12 cores, 15G,  Windows 11 , 64 bit Build 26100 (10.0.26100.2454)
Time: Thu Feb  6 17:35:11 2025 E. South America Standard Time elapsed time: 0.018817 seconds (0d 0h 0m 0s)

---------------  T H R E A D  ---------------

Current thread (0x000002399740db80):  JavaThread "Unknown thread" [_thread_in_vm, id=22352, stack(0x0000005513900000,0x0000005513a00000)]

Stack: [0x0000005513900000,0x0000005513a00000]
Native frames: (J=compiled Java code, j=interpreted, Vv=VM code, C=native code)
V  [jvm.dll+0x67a04a]
V  [jvm.dll+0x7da4ed]
V  [jvm.dll+0x7dbe33]
V  [jvm.dll+0x7dc4a3]
V  [jvm.dll+0x24508f]
V  [jvm.dll+0x677089]
V  [jvm.dll+0x66bd32]
V  [jvm.dll+0x301fa6]
V  [jvm.dll+0x309546]
V  [jvm.dll+0x359d2e]
V  [jvm.dll+0x359f5f]
V  [jvm.dll+0x2d9078]
V  [jvm.dll+0x2d9fe4]
V  [jvm.dll+0x7aca21]
V  [jvm.dll+0x367591]
V  [jvm.dll+0x78b999]
V  [jvm.dll+0x3ec83f]
V  [jvm.dll+0x3ee471]
C  [jli.dll+0x5297]
C  [ucrtbase.dll+0x14ea0]
C  [KERNEL32.DLL+0x2e8d7]
C  [ntdll.dll+0xdfbcc]


---------------  P R O C E S S  ---------------

Threads class SMR info:
_java_thread_list=0x00007ffc1e227a18, length=0, elements={
}

Java Threads: ( => current thread )

Other Threads:
  0x000002399747bfa0 GCTaskThread "GC Thread#0" [stack: 0x0000005513a00000,0x0000005513b00000] [id=28360]
  0x000002399748d8d0 ConcurrentGCThread "G1 Main Marker" [stack: 0x0000005513b00000,0x0000005513c00000] [id=19396]
  0x000002399748fa90 ConcurrentGCThread "G1 Conc#0" [stack: 0x0000005513c00000,0x0000005513d00000] [id=24976]

[error occurred during error reporting (printing all threads), id 0xc0000005, EXCEPTION_ACCESS_VIOLATION (0xc0000005) at pc=0x00007ffc1da59b67]

VM state: not at safepoint (not fully initialized)

VM Mutex/Monitor currently owned by a thread:  ([mutex/lock_event])
[0x000002399740a260] Heap_lock - owner thread: 0x000002399740db80

Heap address: 0x0000000702e00000, size: 4050 MB, Compressed Oops mode: Zero based, Oop shift amount: 3

CDS archive(s) mapped at: [0x0000000000000000-0x0000000000000000-0x0000000000000000), size 0, SharedBaseAddress: 0x0000000800000000, ArchiveRelocationMode: 1.
Narrow klass base: 0x0000000000000000, Narrow klass shift: 0, Narrow klass range: 0x0

GC Precious Log:
<Empty>

Heap:
 garbage-first heap   total 0K, used 0K [0x0000000702e00000, 0x0000000800000000)
  region size 2048K, 0 young (0K), 0 survivors (0K)

[error occurred during error reporting (printing heap information), id 0xc0000005, EXCEPTION_ACCESS_VIOLATION (0xc0000005) at pc=0x00007ffc1de43859]

GC Heap History (0 events):
No events

Deoptimization events (0 events):
No events

Classes unloaded (0 events):
No events

Classes redefined (0 events):
No events

Internal exceptions (0 events):
No events

VM Operations (0 events):
No events

Events (1 events):
Event: 0.012 Loaded shared library C:\Program Files\Java\jdk-17\bin\java.dll


Dynamic libraries:
0x00007ff7f4c80000 - 0x00007ff7f4c90000 	C:\Program Files\Java\jdk-17\bin\java.exe
0x00007ffc797c0000 - 0x00007ffc79a23000 	C:\WINDOWS\SYSTEM32\ntdll.dll
0x00007ffc78640000 - 0x00007ffc78708000 	C:\WINDOWS\System32\KERNEL32.DLL
0x00007ffc771a0000 - 0x00007ffc77552000 	C:\WINDOWS\System32\KERNELBASE.dll
0x00007ffc76bc0000 - 0x00007ffc76d0b000 	C:\WINDOWS\System32\ucrtbase.dll
0x00007ffc6db40000 - 0x00007ffc6db59000 	C:\Program Files\Java\jdk-17\bin\jli.dll
0x00007ffc60f40000 - 0x00007ffc60f5b000 	C:\Program Files\Java\jdk-17\bin\VCRUNTIME140.dll
0x00007ffc780a0000 - 0x00007ffc78154000 	C:\WINDOWS\System32\ADVAPI32.dll
0x00007ffc787c0000 - 0x00007ffc78869000 	C:\WINDOWS\System32\msvcrt.dll
0x00007ffc77ae0000 - 0x00007ffc77b86000 	C:\WINDOWS\System32\sechost.dll
0x00007ffc77db0000 - 0x00007ffc77ec6000 	C:\WINDOWS\System32\RPCRT4.dll
0x00007ffc78870000 - 0x00007ffc78a38000 	C:\WINDOWS\System32\USER32.dll
0x00007ffc5a8c0000 - 0x00007ffc5ab50000 	C:\WINDOWS\WinSxS\amd64_microsoft.windows.common-controls_6595b64144ccf1df_6.0.26100.2454_none_3e0b68a2e331ad60\COMCTL32.dll
0x00007ffc76b90000 - 0x00007ffc76bb7000 	C:\WINDOWS\System32\win32u.dll
0x00007ffc77ab0000 - 0x00007ffc77ada000 	C:\WINDOWS\System32\GDI32.dll
0x00007ffc76fd0000 - 0x00007ffc770fb000 	C:\WINDOWS\System32\gdi32full.dll
0x00007ffc76d10000 - 0x00007ffc76db3000 	C:\WINDOWS\System32\msvcp_win.dll
0x00007ffc6e240000 - 0x00007ffc6e24b000 	C:\WINDOWS\SYSTEM32\VERSION.dll
0x00007ffc78710000 - 0x00007ffc7873f000 	C:\WINDOWS\System32\IMM32.DLL
0x00007ffc6ff30000 - 0x00007ffc6ff3c000 	C:\Program Files\Java\jdk-17\bin\vcruntime140_1.dll
0x00007ffc60eb0000 - 0x00007ffc60f3e000 	C:\Program Files\Java\jdk-17\bin\msvcp140.dll
0x00007ffc1d770000 - 0x00007ffc1e350000 	C:\Program Files\Java\jdk-17\bin\server\jvm.dll
0x00007ffc77fe0000 - 0x00007ffc77fe8000 	C:\WINDOWS\System32\PSAPI.DLL
0x00007ffc5a2d0000 - 0x00007ffc5a2da000 	C:\WINDOWS\SYSTEM32\WSOCK32.dll
0x00007ffc6a980000 - 0x00007ffc6a9b6000 	C:\WINDOWS\SYSTEM32\WINMM.dll
0x00007ffc79620000 - 0x00007ffc79694000 	C:\WINDOWS\System32\WS2_32.dll
0x00007ffc75a00000 - 0x00007ffc75a1a000 	C:\WINDOWS\SYSTEM32\kernel.appcore.dll
0x00007ffc6df80000 - 0x00007ffc6df8a000 	C:\Program Files\Java\jdk-17\bin\jimage.dll
0x00007ffc745a0000 - 0x00007ffc747e1000 	C:\WINDOWS\SYSTEM32\DBGHELP.DLL
0x00007ffc79290000 - 0x00007ffc7960e000 	C:\WINDOWS\System32\combase.dll
0x00007ffc796a0000 - 0x00007ffc79776000 	C:\WINDOWS\System32\OLEAUT32.dll
0x00007ffc1f3d0000 - 0x00007ffc1f409000 	C:\WINDOWS\SYSTEM32\dbgcore.DLL
0x00007ffc77100000 - 0x00007ffc77199000 	C:\WINDOWS\System32\bcryptPrimitives.dll
0x00007ffc51960000 - 0x00007ffc51985000 	C:\Program Files\Java\jdk-17\bin\java.dll

dbghelp: loaded successfully - version: 4.0.5 - missing functions: none
symbol engine: initialized successfully - sym options: 0x614 - pdb path: .;C:\Program Files\Java\jdk-17\bin;C:\WINDOWS\SYSTEM32;C:\WINDOWS\WinSxS\amd64_microsoft.windows.common-controls_6595b64144ccf1df_6.0.26100.2454_none_3e0b68a2e331ad60;C:\Program Files\Java\jdk-17\bin\server

VM Arguments:
java_command: org.jetbrains.kotlin.cli.jvm.K2JVMCompiler @C:\Users\gusta\AndroidStudioProjects\ColorSpaces\app\build\20250206_6969400932209569481.compiler.options
java_class_path (initial): C:\Users\gusta\.gradle\caches\modules-2\files-2.1\org.jetbrains.kotlin\kotlin-compiler-embeddable\1.9.24\78dab849090e6c5e2eadb6e59a11cdc28fb67a08\kotlin-compiler-embeddable-1.9.24.jar;C:\Users\gusta\.gradle\caches\modules-2\files-2.1\org.jetbrains.kotlin\kotlin-stdlib\1.9.24\9928532f12c66ad816a625b3f9984f8368ca6d2b\kotlin-stdlib-1.9.24.jar;C:\Users\gusta\.gradle\caches\modules-2\files-2.1\org.jetbrains.kotlin\kotlin-script-runtime\1.9.24\96771497da90fbc5af1c90fce148db2595a62502\kotlin-script-runtime-1.9.24.jar;C:\Users\gusta\.gradle\caches\modules-2\files-2.1\org.jetbrains.kotlin\kotlin-reflect\1.6.10\1cbe9c92c12a94eea200d23c2bbaedaf3daf5132\kotlin-reflect-1.6.10.jar;C:\Users\gusta\.gradle\caches\modules-2\files-2.1\org.jetbrains.kotlin\kotlin-daemon-embeddable\1.9.24\86685b9c5e8d170925bd9ddbdc263374a6a73281\kotlin-daemon-embeddable-1.9.24.jar;C:\Users\gusta\.gradle\caches\modules-2\files-2.1\org.jetbrains.intellij.deps\trove4j\1.0.20200330\3afb14d5f9ceb459d724e907a21145e8ff394f02\trove4j-1.0.20200330.jar;C:\Users\gusta\.gradle\caches\modules-2\files-2.1\org.jetbrains\annotations\13.0\919f0dfe192fb4e063e7dacadee7f8bb9a2672a9\annotations-13.0.jar
Launcher Type: SUN_STANDARD

[Global flags]
     intx CICompilerCount                          = 4                                         {product} {ergonomic}
     uint ConcGCThreads                            = 3                                         {product} {ergonomic}
     uint G1ConcRefinementThreads                  = 10                                        {product} {ergonomic}
   size_t G1HeapRegionSize                         = 2097152                                   {product} {ergonomic}
    uintx GCDrainStackTargetSize                   = 64                                        {product} {ergonomic}
   size_t InitialHeapSize                          = 266338304                                 {product} {ergonomic}
   size_t MarkStackSize                            = 4194304                                   {product} {ergonomic}
   size_t MaxHeapSize                              = 4246732800                                {product} {ergonomic}
   size_t MinHeapDeltaBytes                        = 2097152                                   {product} {ergonomic}
   size_t MinHeapSize                              = 8388608                                   {product} {ergonomic}
    uintx NonNMethodCodeHeapSize                   = 5839372                                {pd product} {ergonomic}
    uintx NonProfiledCodeHeapSize                  = 122909434                              {pd product} {ergonomic}
    uintx ProfiledCodeHeapSize                     = 122909434                              {pd product} {ergonomic}
    uintx ReservedCodeCacheSize                    = 251658240                              {pd product} {ergonomic}
     bool SegmentedCodeCache                       = true                                      {product} {ergonomic}
   size_t SoftMaxHeapSize                          = 4246732800                             {manageable} {ergonomic}
     bool UseCompressedClassPointers               = true                           {product lp64_product} {ergonomic}
     bool UseCompressedOops                        = true                           {product lp64_product} {ergonomic}
     bool UseG1GC                                  = true                                      {product} {ergonomic}
     bool UseLargePagesIndividualAllocation        = false                                  {pd product} {ergonomic}

Logging:
Log output configuration:
 #0: stdout all=warning uptime,level,tags
 #1: stderr all=off uptime,level,tags

Environment Variables:
PATH=C:\Python312\Scripts\;C:\Python312\;C:\Program Files\Microsoft SDKs\Azure\CLI2\wbin;C:\Program Files\Common Files\Oracle\Java\javapath;C:\Windows\system32;C:\Windows;C:\Windows\System32\Wbem;C:\Windows\System32\WindowsPowerShell\v1.0\;C:\Windows\System32\OpenSSH\;C:\Program Files (x86)\NVIDIA Corporation\PhysX\Common;C:\Program Files\NVIDIA Corporation\NVIDIA NvDLISR;C:\WINDOWS\system32;C:\WINDOWS;C:\WINDOWS\System32\Wbem;C:\WINDOWS\System32\WindowsPowerShell\v1.0\;C:\WINDOWS\System32\OpenSSH\;C:\Program Files\dotnet\;c:\users\gusta\appdata\local\packages\pythonsoftwarefoundation.python.3.10_qbz5n2kfra8p0\localcache\local-packages\python310\site-packages\nmap;C:\ProgramData\chocolatey\bin;C:\Program Files\Git\cmd;C:\Program Files\Docker\Docker\resources\bin;C:\Users\gusta\Desktop\apache-maven-3.9.6\bin;C:\Program Files\Kubernetes\Minikube;C:\Users\gusta\Downloads\grpcurl_1.9.1_windows_x86_64;C:\Users\gusta\Desktop\WpdPack\Lib;C:\Users\gusta\Desktop\WpdPack\Include;C:\Program Files\nodejs\;%SystemRoot%\system32;%SystemRoot%;%SystemRoot%\System32\Wbem;%SYSTEMROOT%\System32\WindowsPowerShell\v1.0\;%SYSTEMROOT%\System32\OpenSSH\;C:\Users\gusta\AppData\Local\Microsoft\WindowsApps;C:\Users\gusta\AppData\Local\Programs\Microsoft VS Code\bin;c:\users\gusta\appdata\local\packages\pythonsoftwarefoundation.python.3.10_qbz5n2kfra8p0\localcache\local-packages\python310\site-packages\nmap;C:\Users\gusta\Desktop\apache-tomcat-9.0.83\bin;C:\Users\gusta\Desktop\apache-maven-3.9.6\bin;C:\Users\gusta\Downloads\grpcurl_1.9.1_windows_x86_64;C:\Users\gusta\AppData\Roaming\npm;C:\Program Files (x86)\Nmap;C:\Program Files (x86)\Nmap.nmap.exe;
USERNAME=gusta
OS=Windows_NT
PROCESSOR_IDENTIFIER=Intel64 Family 6 Model 158 Stepping 10, GenuineIntel



---------------  S Y S T E M  ---------------

OS:
 Windows 11 , 64 bit Build 26100 (10.0.26100.2454)
OS uptime: 4 days 16:51 hours
Hyper-V role detected

CPU: total 12 (initial active 12) (6 cores per cpu, 2 threads per core) family 6 model 158 stepping 10 microcode 0xde, cx8, cmov, fxsr, ht, mmx, 3dnowpref, sse, sse2, sse3, ssse3, sse4.1, sse4.2, popcnt, lzcnt, tsc, tscinvbit, avx, avx2, aes, erms, clmul, bmi1, bmi2, adx, fma, vzeroupper, clflush, clflushopt, hv

Memory: 4k page, system-wide physical 16196M (789M free)
TotalPageFile size 36096M (AvailPageFile size 130M)
current process WorkingSet (physical memory assigned to process): 12M, peak: 12M
current process commit charge ("private bytes"): 64M, peak: 318M

vm_info: Java HotSpot(TM) 64-Bit Server VM (17.0.12+8-LTS-286) for windows-amd64 JRE (17.0.12+8-LTS-286), built on Jun  5 2024 06:46:59 by "mach5one" with MS VC++ 17.6 (VS2022)

END.
