#
# There is insufficient memory for the Java Runtime Environment to continue.
# Native memory allocation (malloc) failed to allocate 1048576 bytes. Error detail: AllocateHeap
# Possible reasons:
#   The system is out of physical RAM or swap space
#   This process is running with CompressedOops enabled, and the Java Heap may be blocking the growth of the native heap
# Possible solutions:
#   Reduce memory load on the system
#   Increase physical memory or swap space
#   Check if swap backing store is full
#   Decrease Java heap size (-Xmx/-Xms)
#   Decrease number of Java threads
#   Decrease Java thread stack sizes (-Xss)
#   Set larger code cache with -XX:ReservedCodeCacheSize=
#   JVM is running with Unscaled Compressed Oops mode in which the Java heap is
#     placed in the first 4GB address space. The Java Heap base address is the
#     maximum limit for the native heap growth. Please use -XX:HeapBaseMinAddress
#     to set the Java Heap base and to place the Java Heap above 4GB virtual address.
# This output file may be truncated or incomplete.
#
#  Out of Memory Error (allocation.cpp:44), pid=15648, tid=9656
#
# JRE version:  (21.0.3) (build )
# Java VM: OpenJDK 64-Bit Server VM (21.0.3+-12282718-b509.11, mixed mode, sharing, tiered, compressed oops, compressed class ptrs, g1 gc, windows-amd64)
# No core dump will be written. Minidumps are not enabled by default on client versions of Windows
#

---------------  S U M M A R Y ------------

Command Line: -Dapplication.home=C:\Program Files\Android\Android Studio\jbr --add-modules=ALL-DEFAULT -Xms8m -Djdk.module.main=jdk.jlink jdk.jlink/jdk.tools.jlink.internal.Main --version

Host: Intel(R) Core(TM) i7-9750H CPU @ 2.60GHz, 12 cores, 15G,  Windows 11 , 64 bit Build 26100 (10.0.26100.2454)
Time: Sat Feb  1 23:56:54 2025 E. South America Standard Time elapsed time: 0.160589 seconds (0d 0h 0m 0s)

---------------  T H R E A D  ---------------

Current thread (0x000001113e40bd40):  JavaThread "Unknown thread" [_thread_in_vm, id=9656, stack(0x0000000e15c00000,0x0000000e15d00000) (1024K)]

Stack: [0x0000000e15c00000,0x0000000e15d00000]
Native frames: (J=compiled Java code, j=interpreted, Vv=VM code, C=native code)
V  [jvm.dll+0x6cafb9]
V  [jvm.dll+0x858523]
V  [jvm.dll+0x85aa7e]
V  [jvm.dll+0x85b163]
V  [jvm.dll+0x27d356]
V  [jvm.dll+0xba0b7]
V  [jvm.dll+0x321e45]
V  [jvm.dll+0x81fd4d]
V  [jvm.dll+0x3b7c08]
V  [jvm.dll+0x80921d]
V  [jvm.dll+0x44c05e]
V  [jvm.dll+0x44d6b1]
C  [jli.dll+0x52ab]
C  [ucrtbase.dll+0x14ea0]
C  [KERNEL32.DLL+0x2e8d7]
C  [ntdll.dll+0xdfbcc]


---------------  P R O C E S S  ---------------

Threads class SMR info:
_java_thread_list=0x00007ffcc3fe57c8, length=0, elements={
}

Java Threads: ( => current thread )
Total: 0

Other Threads:

=>0x000001113e40bd40 (exited) JavaThread "Unknown thread"    [_thread_in_vm, id=9656, stack(0x0000000e15c00000,0x0000000e15d00000) (1024K)]
Total: 1

Threads with active compile tasks:
Total: 0

VM state: not at safepoint (not fully initialized)

VM Mutex/Monitor currently owned by a thread: None

Heap address: 0x0000000000000000, size: 0 MB, Compressed Oops mode: 32-bit

CDS archive(s) mapped at: [0x0000000000000000-0x0000000000000000-0x0000000000000000), size 0, SharedBaseAddress: 0x0000000800000000, ArchiveRelocationMode: 1.
Narrow klass base: 0x0000000000000000, Narrow klass shift: 0, Narrow klass range: 0x0

GC Precious Log:
 CardTable entry size: 512
 Card Set container configuration: InlinePtr #cards 4 size 8 Array Of Cards #cards 16 size 48 Howl #buckets 8 coarsen threshold 3686 Howl Bitmap #cards 512 size 80 coarsen threshold 460 Card regions per heap region 1 cards per card region 4096

GC Heap History (0 events):
No events

Dll operation events (1 events):
Event: 0.013 Loaded shared library C:\Program Files\Android\Android Studio\jbr\bin\java.dll

Deoptimization events (0 events):
No events

Classes loaded (0 events):
No events

Classes unloaded (0 events):
No events

Classes redefined (0 events):
No events

Internal exceptions (0 events):
No events

ZGC Phase Switch (0 events):
No events

VM Operations (0 events):
No events

Events (0 events):
No events


Dynamic libraries:
0x00007ff6084d0000 - 0x00007ff6084d8000 	C:\Program Files\Android\Android Studio\jbr\bin\jlink.exe
0x00007ffd52de0000 - 0x00007ffd53043000 	C:\WINDOWS\SYSTEM32\ntdll.dll
0x00007ffd52480000 - 0x00007ffd52548000 	C:\WINDOWS\System32\KERNEL32.DLL
0x00007ffd501b0000 - 0x00007ffd50562000 	C:\WINDOWS\System32\KERNELBASE.dll
0x00007ffd506f0000 - 0x00007ffd5083b000 	C:\WINDOWS\System32\ucrtbase.dll
0x00007ffd4f8c0000 - 0x00007ffd4f8db000 	C:\Program Files\Android\Android Studio\jbr\bin\VCRUNTIME140.dll
0x00007ffd40f90000 - 0x00007ffd40fa8000 	C:\Program Files\Android\Android Studio\jbr\bin\jli.dll
0x00007ffd529b0000 - 0x00007ffd52b78000 	C:\WINDOWS\System32\USER32.dll
0x00007ffd4f5b0000 - 0x00007ffd4f840000 	C:\WINDOWS\WinSxS\amd64_microsoft.windows.common-controls_6595b64144ccf1df_6.0.26100.2454_none_3e0b68a2e331ad60\COMCTL32.dll
0x00007ffd508e0000 - 0x00007ffd50907000 	C:\WINDOWS\System32\win32u.dll
0x00007ffd52c20000 - 0x00007ffd52cc9000 	C:\WINDOWS\System32\msvcrt.dll
0x00007ffd521e0000 - 0x00007ffd5220a000 	C:\WINDOWS\System32\GDI32.dll
0x00007ffd50a60000 - 0x00007ffd50b8b000 	C:\WINDOWS\System32\gdi32full.dll
0x00007ffd50b90000 - 0x00007ffd50c33000 	C:\WINDOWS\System32\msvcp_win.dll
0x00007ffd52970000 - 0x00007ffd5299f000 	C:\WINDOWS\System32\IMM32.DLL
0x00007ffd4f8b0000 - 0x00007ffd4f8bc000 	C:\Program Files\Android\Android Studio\jbr\bin\vcruntime140_1.dll
0x00007ffd1cfb0000 - 0x00007ffd1d03d000 	C:\Program Files\Android\Android Studio\jbr\bin\msvcp140.dll
0x00007ffcc34b0000 - 0x00007ffcc412d000 	C:\Program Files\Android\Android Studio\jbr\bin\server\jvm.dll
0x00007ffd50e20000 - 0x00007ffd50ed4000 	C:\WINDOWS\System32\ADVAPI32.dll
0x00007ffd50fc0000 - 0x00007ffd51066000 	C:\WINDOWS\System32\sechost.dll
0x00007ffd52840000 - 0x00007ffd52956000 	C:\WINDOWS\System32\RPCRT4.dll
0x00007ffd52630000 - 0x00007ffd526a4000 	C:\WINDOWS\System32\WS2_32.dll
0x00007ffd4fa20000 - 0x00007ffd4fa6e000 	C:\WINDOWS\SYSTEM32\POWRPROF.dll
0x00007ffd49640000 - 0x00007ffd4964b000 	C:\WINDOWS\SYSTEM32\VERSION.dll
0x00007ffd42c90000 - 0x00007ffd42cc6000 	C:\WINDOWS\SYSTEM32\WINMM.dll
0x00007ffd4f850000 - 0x00007ffd4f864000 	C:\WINDOWS\SYSTEM32\UMPDC.dll
0x00007ffd4e700000 - 0x00007ffd4e71a000 	C:\WINDOWS\SYSTEM32\kernel.appcore.dll
0x00007ffd490a0000 - 0x00007ffd490aa000 	C:\Program Files\Android\Android Studio\jbr\bin\jimage.dll
0x00007ffd4fa80000 - 0x00007ffd4fcc1000 	C:\WINDOWS\SYSTEM32\DBGHELP.DLL
0x00007ffd51070000 - 0x00007ffd513ee000 	C:\WINDOWS\System32\combase.dll
0x00007ffd50ee0000 - 0x00007ffd50fb6000 	C:\WINDOWS\System32\OLEAUT32.dll
0x00007ffd17190000 - 0x00007ffd171c9000 	C:\WINDOWS\SYSTEM32\dbgcore.DLL
0x00007ffd50840000 - 0x00007ffd508d9000 	C:\WINDOWS\System32\bcryptPrimitives.dll
0x00007ffd48c70000 - 0x00007ffd48c8f000 	C:\Program Files\Android\Android Studio\jbr\bin\java.dll

dbghelp: loaded successfully - version: 4.0.5 - missing functions: none
symbol engine: initialized successfully - sym options: 0x614 - pdb path: .;C:\Program Files\Android\Android Studio\jbr\bin;C:\WINDOWS\SYSTEM32;C:\WINDOWS\WinSxS\amd64_microsoft.windows.common-controls_6595b64144ccf1df_6.0.26100.2454_none_3e0b68a2e331ad60;C:\Program Files\Android\Android Studio\jbr\bin\server

VM Arguments:
jvm_args: -Dapplication.home=C:\Program Files\Android\Android Studio\jbr --add-modules=ALL-DEFAULT -Xms8m -Djdk.module.main=jdk.jlink 
java_command: jdk.jlink/jdk.tools.jlink.internal.Main --version
java_class_path (initial): <not set>
Launcher Type: SUN_STANDARD

[Global flags]
     intx CICompilerCount                          = 4                                         {product} {ergonomic}
     uint ConcGCThreads                            = 3                                         {product} {ergonomic}
     uint G1ConcRefinementThreads                  = 10                                        {product} {ergonomic}
   size_t G1HeapRegionSize                         = 2097152                                   {product} {ergonomic}
    uintx GCDrainStackTargetSize                   = 64                                        {product} {ergonomic}
   size_t InitialHeapSize                          = 8388608                                   {product} {command line}
   size_t MarkStackSize                            = 4194304                                   {product} {ergonomic}
   size_t MaxHeapSize                              = 4246732800                                {product} {ergonomic}
   size_t MinHeapDeltaBytes                        = 2097152                                   {product} {ergonomic}
   size_t MinHeapSize                              = 8388608                                   {product} {command line}
    uintx NonNMethodCodeHeapSize                   = 5839372                                {pd product} {ergonomic}
    uintx NonProfiledCodeHeapSize                  = 122909434                              {pd product} {ergonomic}
    uintx ProfiledCodeHeapSize                     = 122909434                              {pd product} {ergonomic}
    uintx ReservedCodeCacheSize                    = 251658240                              {pd product} {ergonomic}
     bool SegmentedCodeCache                       = true                                      {product} {ergonomic}
   size_t SoftMaxHeapSize                          = 4246732800                             {manageable} {ergonomic}
     bool UseCompressedOops                        = true                           {product lp64_product} {ergonomic}
     bool UseG1GC                                  = true                                      {product} {ergonomic}
     bool UseLargePagesIndividualAllocation        = false                                  {pd product} {ergonomic}

Logging:
Log output configuration:
 #0: stdout all=warning uptime,level,tags foldmultilines=false
 #1: stderr all=off uptime,level,tags foldmultilines=false

Environment Variables:
PATH=C:\Python312\Scripts\;C:\Python312\;C:\Program Files\Microsoft SDKs\Azure\CLI2\wbin;C:\Program Files\Common Files\Oracle\Java\javapath;C:\Windows\system32;C:\Windows;C:\Windows\System32\Wbem;C:\Windows\System32\WindowsPowerShell\v1.0\;C:\Windows\System32\OpenSSH\;C:\Program Files (x86)\NVIDIA Corporation\PhysX\Common;C:\Program Files\NVIDIA Corporation\NVIDIA NvDLISR;C:\WINDOWS\system32;C:\WINDOWS;C:\WINDOWS\System32\Wbem;C:\WINDOWS\System32\WindowsPowerShell\v1.0\;C:\WINDOWS\System32\OpenSSH\;C:\Program Files\dotnet\;c:\users\gusta\appdata\local\packages\pythonsoftwarefoundation.python.3.10_qbz5n2kfra8p0\localcache\local-packages\python310\site-packages\nmap;C:\ProgramData\chocolatey\bin;C:\Program Files\Git\cmd;C:\Program Files\Docker\Docker\resources\bin;C:\Users\gusta\Desktop\apache-maven-3.9.6\bin;C:\Program Files\Kubernetes\Minikube;C:\Users\gusta\Downloads\grpcurl_1.9.1_windows_x86_64;C:\Users\gusta\Desktop\WpdPack\Lib;C:\Users\gusta\Desktop\WpdPack\Include;C:\Program Files\nodejs\;%SystemRoot%\system32;%SystemRoot%;%SystemRoot%\System32\Wbem;%SYSTEMROOT%\System32\WindowsPowerShell\v1.0\;%SYSTEMROOT%\System32\OpenSSH\;C:\Users\gusta\AppData\Local\Microsoft\WindowsApps;C:\Users\gusta\AppData\Local\Programs\Microsoft VS Code\bin;c:\users\gusta\appdata\local\packages\pythonsoftwarefoundation.python.3.10_qbz5n2kfra8p0\localcache\local-packages\python310\site-packages\nmap;C:\Users\gusta\Desktop\apache-tomcat-9.0.83\bin;C:\Users\gusta\Desktop\apache-maven-3.9.6\bin;C:\Users\gusta\Downloads\grpcurl_1.9.1_windows_x86_64;C:\Users\gusta\AppData\Roaming\npm;C:\Program Files (x86)\Nmap;C:\Program Files (x86)\Nmap.nmap.exe;
USERNAME=gusta
OS=Windows_NT
PROCESSOR_IDENTIFIER=Intel64 Family 6 Model 158 Stepping 10, GenuineIntel
TMP=C:\Users\gusta\AppData\Local\Temp
TEMP=C:\Users\gusta\AppData\Local\Temp




Periodic native trim disabled

JNI global refs:
JNI global refs: 0, weak refs: 0

JNI global refs memory usage: 0, weak refs: 0

Process memory usage:
Resident Set Size: 11900K (0% of 16585388K total physical memory with 1010484K free physical memory)

OOME stack traces (most recent first):
Classloader memory used:

---------------  S Y S T E M  ---------------

OS:
 Windows 11 , 64 bit Build 26100 (10.0.26100.2454)
OS uptime: 6 days 6:58 hours
Hyper-V role detected

CPU: total 12 (initial active 12) (6 cores per cpu, 2 threads per core) family 6 model 158 stepping 10 microcode 0xde, cx8, cmov, fxsr, ht, mmx, 3dnowpref, sse, sse2, sse3, ssse3, sse4.1, sse4.2, popcnt, lzcnt, tsc, tscinvbit, avx, avx2, aes, erms, clmul, bmi1, bmi2, adx, fma, vzeroupper, clflush, clflushopt, hv, rdtscp, f16c
Processor Information for all 12 processors :
  Max Mhz: 2592, Current Mhz: 2592, Mhz Limit: 2592

Memory: 4k page, system-wide physical 16196M (986M free)
TotalPageFile size 36196M (AvailPageFile size 72M)
current process WorkingSet (physical memory assigned to process): 11M, peak: 11M
current process commit charge ("private bytes"): 11M, peak: 12M

vm_info: OpenJDK 64-Bit Server VM (21.0.3+-12282718-b509.11) for windows-amd64 JRE (21.0.3+-12282718-b509.11), built on 2024-08-27T17:34:15Z by "builder" with MS VC++ 16.10 / 16.11 (VS2019)

END.
